npm warn EBADENGINE Unsupported engine {
npm warn EBADENGINE   package: '@renovatebot/pep440@4.2.1',
npm warn EBADENGINE   required: { node: '^20.9.0 || ^22.11.0 || ^24', pnpm: '^10.0.0' },
npm warn EBADENGINE   current: { node: 'v26.4.0', npm: '11.17.0' }
npm warn EBADENGINE }
npm warn deprecated stream-to-promise@2.2.0: Deprecated. Use node:stream/promises and node:stream/consumers instead.
npm warn deprecated tar@7.5.7: Old versions of tar are not supported, and contain widely publicized security vulnerabilities, which have been fixed in the current version. Please update. Support for old versions may be purchased (at exorbitant rates) by contacting i@izs.me
npm warn cleanup Failed to remove some directories [
npm warn cleanup   [
npm warn cleanup     '\\\\?\\C:\\Users\\66830\\AppData\\Roaming\\npm\\node_modules',
npm warn cleanup     [Error: EPERM: operation not permitted, rmdir 'C:\Users\66830\AppData\Roaming\npm\node_modules\vercel\node_modules\@vercel\sandbox\node_modules\undici\lib\web'] {
npm warn cleanup       errno: -4048,
npm warn cleanup       code: 'EPERM',
npm warn cleanup       syscall: 'rmdir',
npm warn cleanup       path: 'C:\\Users\\66830\\AppData\\Roaming\\npm\\node_modules\\vercel\\node_modules\\@vercel\\sandbox\\node_modules\\undici\\lib\\web'
npm warn cleanup     }
npm warn cleanup   ],
npm warn cleanup   [
npm warn cleanup     '\\\\?\\C:\\Users\\66830\\AppData\\Roaming\\npm\\node_modules\\vercel\\node_modules\\@vercel',
npm warn cleanup     [Error: EPERM: operation not permitted, rmdir 'C:\Users\66830\AppData\Roaming\npm\node_modules\vercel\node_modules\@vercel\sandbox'] {
npm warn cleanup       errno: -4048,
npm warn cleanup       code: 'EPERM',
npm warn cleanup       syscall: 'rmdir',
npm warn cleanup       path: 'C:\\Users\\66830\\AppData\\Roaming\\npm\\node_modules\\vercel\\node_modules\\@vercel\\sandbox'
npm warn cleanup     }
npm warn cleanup   ]
npm warn cleanup ]
npm error code 1
npm error path C:\Users\66830\AppData\Roaming\npm\node_modules\vercel\node_modules\esbuild
npm error command failed
npm error command C:\WINDOWS\system32\cmd.exe /d /s /c node install.js
npm error 'node' is not recognized as an internal or external command,
npm error operable program or batch file.
npm error A complete log of this run can be found in: C:\Users\66830\AppData\Local\npm-cache\_logs\2026-07-11T07_23_29_895Z-debug-0.log
