Vercel CLI 55.0.0 (Node.js 26.4.0)
Retrieving project…
Deploying stnjcs-projects/investment-portfolio-tracker
  Inspect         https://vercel.com/stnjcs-projects/investment-portfolio-tracker/JAtzDQZUC1nFPWJPNdYz9ZH6ouUo
  Production      https://investment-portfolio-tracker-89gjdgvbf-stnjcs-projects.vercel.app
Building…
Building…
Running build in Washington, D.C., USA (East) – iad1
Build machine configuration: 2 cores, 8 GB
Retrieving list of deployment files...
Downloading 35 deployment files...
Restored build cache from previous deployment (23YicSdnzUyjMNqhoYAM9Bf1jmMG)
Running "vercel build"
Vercel CLI 56.2.0
Installing dependencies...
up to date in 658ms
12 packages are looking for funding
run `npm fund` for details
Running "npm run build"
> investment-portfolio-tracker@0.0.0 build
> tsc -b && vite build
  Production      https://investment-portfolio-tracker-89gjdgvbf-stnjcs-projects.vercel.app
Completing…
▲ Aliased         https://investment-portfolio-tracker-phi.vercel.app
{
  "status": "ok",
  "deployment": {
    "id": "dpl_JAtzDQZUC1nFPWJPNdYz9ZH6ouUo",
    "url": "https://investment-portfolio-tracker-89gjdgvbf-stnjcs-projects.vercel.app",
    "inspectorUrl": "https://vercel.com/stnjcs-projects/investment-portfolio-tracker/JAtzDQZUC1nFPWJPNdYz9ZH6ouUo",
    "readyState": "READY",
    "target": "production",
    "deploymentApiUrl": "https://api.vercel.com/v13/deployments/dpl_JAtzDQZUC1nFPWJPNdYz9ZH6ouUo"
  },
  "message": "Deployment investment-portfolio-tracker-89gjdgvbf-stnjcs-projects.vercel.app ready.",
  "next": [
    {
      "command": "vercel inspect investment-portfolio-tracker-89gjdgvbf-stnjcs-projects.vercel.app",
      "when": "Inspect deployment"
    },
    {
      "command": "vercel deploy --prod",
      "when": "Promote to production"
    }
  ]
}
