Vercel CLI 55.0.0 (Node.js 26.4.0)
Retrieving project…
Deploying stnjcs-projects/investment-portfolio-tracker
Uploading [--------------------] (0.0B/709.9KB)
Uploading [=====---------------] (178.1KB/709.9KB)
Uploading [==========----------] (370.1KB/709.9KB)
Uploading [===============-----] (546.1KB/709.9KB)
Uploading [====================] (709.9KB/709.9KB)
  Inspect         https://vercel.com/stnjcs-projects/investment-portfolio-tracker/5sp98wCbhJvoNicRYEJGq8MiKxS2
  Production      https://investment-portfolio-tracker-ebuj4dalh-stnjcs-projects.vercel.app
Building…
Running build in Washington, D.C., USA (East) – iad1
Build machine configuration: 2 cores, 8 GB
Retrieving list of deployment files...
Retrieving list of deployment files...
Downloading 35 deployment files...
Restored build cache from previous deployment (JAtzDQZUC1nFPWJPNdYz9ZH6ouUo)
Running "vercel build"
Vercel CLI 56.2.0
Installing dependencies...
up to date in 710ms
12 packages are looking for funding
run `npm fund` for details
Running "npm run build"
> investment-portfolio-tracker@0.0.0 build
> tsc -b && vite build
  Production      https://investment-portfolio-tracker-ebuj4dalh-stnjcs-projects.vercel.app
Completing…
▲ Aliased         https://investment-portfolio-tracker-phi.vercel.app
{
  "status": "ok",
  "deployment": {
    "id": "dpl_5sp98wCbhJvoNicRYEJGq8MiKxS2",
    "url": "https://investment-portfolio-tracker-ebuj4dalh-stnjcs-projects.vercel.app",
    "inspectorUrl": "https://vercel.com/stnjcs-projects/investment-portfolio-tracker/5sp98wCbhJvoNicRYEJGq8MiKxS2",
    "readyState": "READY",
    "target": "production",
    "deploymentApiUrl": "https://api.vercel.com/v13/deployments/dpl_5sp98wCbhJvoNicRYEJGq8MiKxS2"
  },
  "message": "Deployment investment-portfolio-tracker-ebuj4dalh-stnjcs-projects.vercel.app ready.",
  "next": [
    {
      "command": "vercel inspect investment-portfolio-tracker-ebuj4dalh-stnjcs-projects.vercel.app",
      "when": "Inspect deployment"
    },
    {
      "command": "vercel deploy --prod",
      "when": "Promote to production"
    }
  ]
}
