
 ⛅️ wrangler 4.111.0
────────────────────
⎔ Starting local server...
⎔ Reloading local server...
⎔ Local server updated and ready
⎔ Reloading local server...
⎔ Local server updated and ready
⎔ Reloading local server...
⎔ Local server updated and ready
⎔ Reloading local server...
⎔ Local server updated and ready
⎔ Reloading local server...
⎔ Local server updated and ready
[wrangler:info] Ready on http://0.0.0.0:8080
[wrangler:info] - http://10.39.41.76:8080
[wrangler:info] - http://127.0.0.1:8080
⎔ Reloading local server...
⎔ Local server updated and ready
⎔ Reloading local server...
⎔ Local server updated and ready
⎔ Reloading local server...
⎔ Local server updated and ready
⎔ Reloading local server...
*** std::terminate() called with no exception

X [ERROR] The Workers runtime failed to start. There was likely a problem with the workerd binary or your configuration.

  Runtime stderr:
  *** std::terminate() called with no exception
  stack: 7fffeed91229 7ff7a3a763a5 7fffeed9f53f 7fffeed93a85 7fffeed9ea13 7fffeed92c93 7fffeed9f350 7ff871ea482e 7ff871d5e432 7fffeed9eed9 7fffeed918e4 7fffeed91cff 7fffeed92d8f 7fffeed9f350 7ff871ea47ae 7ff871d621c6 7ff871dd6ea0 7ff86f321b69 7fffeed95266 7ff7a510045f 7ff7a3a75f63 7ff7a5105512 7ff7a510c416 7ff7a5105a6b 7ff7a510c416 7ff7a5102fbb 7ff7a3a61e77 7ff7a6f3219e 7ff87077e956


If you think this is a bug then please create an issue at https://github.com/cloudflare/workers-sdk/issues/new/choose
⎔ Reloading local server...
🪵  Logs were written to "C:\Users\66830\.wrangler\logs\wrangler-2026-07-16_04-00-48_009.log"
