npm warn exec The following package was not found and will be installed: wrangler@4.111.0
wrangler dev [script]

👂 Start a local server for developing your Worker

POSITIONALS
  script  The path to an entry point for your Worker  [string]

GLOBAL FLAGS
  -c, --config          Path to Wrangler configuration file  [string]
      --cwd             Run as if Wrangler was started in the specified directory instead of the current working directory  [string]
  -e, --env             Environment to use for operations, and for selecting .env and .dev.vars files  [string]
      --env-file        Path to an .env file to load - can be specified multiple times - values from earlier files are overridden by values in later files  [array]
  -h, --help            Show help  [boolean]
      --install-skills  Install Cloudflare skills for detected AI coding agents before running the command  [boolean] [default: false]
      --profile         Use a specific auth profile  [string]
  -v, --version         Show version number  [boolean]

OPTIONS
      --name                                       Name of the Worker  [string]
      --compatibility-date                         Date to use for compatibility checks  [string]
      --compatibility-flags, --compatibility-flag  Flags to use for compatibility checks  [array]
      --latest                                     Use the latest version of the Workers runtime  [boolean] [default: true]
      --assets                                     Static assets to be served. Replaces Workers Sites.  [string]
      --no-bundle                                  Skip internal build steps and directly deploy script  [boolean] [default: false]
      --ip                                         IP address to listen on  [string]
      --port                                       Port to listen on  [number]
      --inspector-port                             Port for devtools to connect to  [number]
      --inspector-ip                               IP address for devtools to connect to  [string]
      --routes, --route                            Routes to upload  [array]
      --host                                       Host to forward requests to, defaults to the zone of project  [string]
      --local-protocol                             Protocol to listen to requests on, defaults to http.  [choices: "http", "https"]
      --https-key-path                             Path to a custom certificate key  [string]
      --https-cert-path                            Path to a custom certificate  [string]
      --local-upstream                             Host to act as origin in local mode, defaults to dev.host or route  [string]
      --upstream-protocol                          Protocol to forward requests to host on, defaults to https.  [choices: "http", "https"]
      --var                                        A key-value pair to be injected into the script as a variable  [array]
      --define                                     A key-value pair to be substituted in the script  [array]
      --alias                                      A module pair to be substituted in the script  [array]
      --jsx-factory                                The function that is called for each JSX element  [string]
      --jsx-fragment                               The function that is called for each JSX fragment  [string]
      --tsconfig                                   Path to a custom tsconfig.json file  [string]
  -r, --remote                                     Run on the global Cloudflare network with access to production resources  [boolean] [default: false]
  -l, --local                                      Run locally with remote bindings disabled  [boolean]
      --minify                                     Minify the script  [boolean]
      --persist-to                                 Specify directory to use for local persistence (defaults to .wrangler/state)  [string]
      --live-reload                                Auto reload HTML pages when change is detected in local mode  [boolean]
      --test-scheduled                             Test scheduled events by visiting /__scheduled in browser  [boolean] [default: false]
      --log-level                                  Specify logging level  [choices: "debug", "info", "log", "warn", "error", "none"]
      --show-interactive-dev-session               Show interactive dev session (defaults to true if the terminal supports interactivity)  [boolean]
      --types                                      Generate types from your Worker configuration  [boolean]
      --tunnel                                     Expose your local dev server via a Cloudflare Tunnel. Use `--tunnel` for a Quick Tunnel and `--tunnel-name` with `--tunnel` for a named tunnel.  [boolean]
      --tunnel-name                                Use an existing named Cloudflare Tunnel when `--tunnel` is enabled.  [string]
