Vercel CLI 55.0.0 (Node.js 26.4.0)
Retrieving project…
Deploying stnjcs-projects/g-patrol
Uploading [--------------------] (0.0B/112KB)
Uploading [=====---------------] (32.0KB/112KB)
Uploading [===========---------] (64.0KB/112KB)
Uploading [=================---] (96.0KB/112KB)
Uploading [====================] (112.0KB/112KB)
  Inspect         https://vercel.com/stnjcs-projects/g-patrol/6iFMea3GZnyV9DfkpmsP3Jz8rc9Y
  Production      https://g-patrol-5duirdyg4-stnjcs-projects.vercel.app
Building…
Running build in Washington, D.C., USA (East) – iad1
Build machine configuration: 2 cores, 8 GB
Retrieving list of deployment files...
Previous build caches not available.
Previous build caches not available.
Downloading 21 deployment files...
Running "vercel build"
Vercel CLI 56.2.0
Build Completed in /vercel/output [102ms]
Deploying outputs...
  Production      https://g-patrol-5duirdyg4-stnjcs-projects.vercel.app
Completing…
▲ Aliased         https://g-patrol.vercel.app
{
  "status": "ok",
  "deployment": {
    "id": "dpl_6iFMea3GZnyV9DfkpmsP3Jz8rc9Y",
    "url": "https://g-patrol-5duirdyg4-stnjcs-projects.vercel.app",
    "inspectorUrl": "https://vercel.com/stnjcs-projects/g-patrol/6iFMea3GZnyV9DfkpmsP3Jz8rc9Y",
    "readyState": "READY",
    "target": "production",
    "deploymentApiUrl": "https://api.vercel.com/v13/deployments/dpl_6iFMea3GZnyV9DfkpmsP3Jz8rc9Y"
  },
  "message": "Deployment g-patrol-5duirdyg4-stnjcs-projects.vercel.app ready.",
  "next": [
    {
      "command": "vercel inspect g-patrol-5duirdyg4-stnjcs-projects.vercel.app",
      "when": "Inspect deployment"
    },
    {
      "command": "vercel deploy --prod",
      "when": "Promote to production"
    }
  ]
}
