
> investment-portfolio-tracker@0.0.0 build
> tsc -b && vite build

src/App.tsx(2,54): error TS6133: 'TrendingUp' is declared but its value is never read.
src/App.tsx(3,22): error TS1484: 'Asset' is a type and must be imported using a type-only import when 'verbatimModuleSyntax' is enabled.
src/App.tsx(4,10): error TS1484: 'Holding' is a type and must be imported using a type-only import when 'verbatimModuleSyntax' is enabled.
src/App.tsx(4,30): error TS1484: 'PortfolioAnalysis' is a type and must be imported using a type-only import when 'verbatimModuleSyntax' is enabled.
src/App.tsx(58,13): error TS2345: Argument of type '() => () => boolean' is not assignable to parameter of type 'EffectCallback'.
  Type '() => boolean' is not assignable to type 'void | Destructor'.
    Type '() => boolean' is not assignable to type 'Destructor'.
      Type 'boolean' is not assignable to type 'void | { [UNDEFINED_VOID_ONLY]: never; }'.
src/components/AiAdvisor.tsx(2,61): error TS6133: 'RefreshCw' is declared but its value is never read.
src/components/AiAdvisor.tsx(2,83): error TS6133: 'CheckCircle2' is declared but its value is never read.
src/components/AiAdvisor.tsx(3,10): error TS1484: 'PortfolioAnalysis' is a type and must be imported using a type-only import when 'verbatimModuleSyntax' is enabled.
src/components/AiAdvisor.tsx(3,40): error TS1484: 'Holding' is a type and must be imported using a type-only import when 'verbatimModuleSyntax' is enabled.
src/components/AiAdvisor.tsx(103,37): error TS2341: Property 'generateOfflineReport' is private and only accessible within class 'AiService'.
src/components/AiAdvisor.tsx(247,24): error TS2304: Cannot find name 'Plus'.
src/components/ApiSettings.tsx(3,22): error TS1484: 'ApiConfig' is a type and must be imported using a type-only import when 'verbatimModuleSyntax' is enabled.
src/components/Dashboard.tsx(2,90): error TS6133: 'Legend' is declared but its value is never read.
src/components/Dashboard.tsx(3,10): error TS6133: 'DollarSign' is declared but its value is never read.
src/components/Dashboard.tsx(4,10): error TS1484: 'PortfolioAnalysis' is a type and must be imported using a type-only import when 'verbatimModuleSyntax' is enabled.
src/components/HoldingsList.tsx(3,10): error TS1484: 'Asset' is a type and must be imported using a type-only import when 'verbatimModuleSyntax' is enabled.
src/components/HoldingsList.tsx(4,10): error TS1484: 'Holding' is a type and must be imported using a type-only import when 'verbatimModuleSyntax' is enabled.
src/components/TransactionModal.tsx(2,13): error TS6133: 'Plus' is declared but its value is never read.
src/components/TransactionModal.tsx(4,10): error TS1484: 'Holding' is a type and must be imported using a type-only import when 'verbatimModuleSyntax' is enabled.
src/services/aiService.ts(1,10): error TS1484: 'Asset' is a type and must be imported using a type-only import when 'verbatimModuleSyntax' is enabled.
src/services/aiService.ts(171,7): error TS2322: Type '{ symbol: string; name: string; type: string; reason: string; }[]' is not assignable to type '{ symbol: string; name: string; type: "stock" | "fund"; reason: string; }[]'.
  Type '{ symbol: string; name: string; type: string; reason: string; }' is not assignable to type '{ symbol: string; name: string; type: "stock" | "fund"; reason: string; }'.
    Types of property 'type' are incompatible.
      Type 'string' is not assignable to type '"stock" | "fund"'.
