
> investment-portfolio-tracker@0.0.0 build
> tsc -b && vite build

vite v8.1.0 building client environment for production...
transforming...✓ 491 modules transformed.
rendering chunks...
computing gzip size...
dist/index.html                   0.47 kB │ gzip:   0.30 kB
dist/assets/index-DKIZ3ff1.css    8.06 kB │ gzip:   2.29 kB
dist/assets/index-ChqkGvGF.js   707.77 kB │ gzip: 199.29 kB

✓ built in 1.28s
[plugin builtin:vite-reporter] 
(!) Some chunks are larger than 500 kB after minification. Consider:
- Using dynamic import() to code-split the application
- Use build.rolldownOptions.output.codeSplitting to improve chunking: https://rolldown.rs/reference/OutputOptions.codeSplitting
- Adjust chunk size limit for this warning via build.chunkSizeWarningLimit.
npm notice
npm notice New major version of npm available! 10.9.2 -> 11.18.0
npm notice Changelog: https://github.com/npm/cli/releases/tag/v11.18.0
npm notice To update run: npm install -g npm@11.18.0
npm notice
